C:/msys64/mingw64/bin/../lib/gcc/x86_64-w64-mingw32/15.1.0/../../../../x86_64-w64-mingw32/bin/ld.exe: cannot open output file app.exe: Permission denied
collect2.exe: error: ld returned 1 exit status
